// Jest Snapshot v1, https://goo.gl/fbAQLP

exports[`example.sd.json createElement 1`] = `"<div class=\\"card-body\\"><h5 class=\\"card-title\\">Sample Vega</h5><div id=\\"specdashundefined\\"></div></div>"`;

exports[`example.sd.json createElement 2`] = `"<div class=\\"card-body\\"><h5 class=\\"card-title\\">More Vega</h5><div id=\\"specdashundefined\\"></div></div>"`;

exports[`github.sd.json createElement 1`] = `"<div class=\\"card-body\\"><h5 class=\\"card-title\\">Example JSON Editor</h5><div id=\\"specdashundefined\\"></div></div>"`;

exports[`github.sd.json createElement 2`] = `"<div class=\\"card-body\\"><h5 class=\\"card-title\\">SpecDash Issues</h5><div id=\\"specdashundefined\\"></div></div>"`;
